C:\JOB\S\Sunlight Leicester\Soiled_PLCxxx\Logical\GlobalVariables\Alarm\Alarm.var
C:\JOB\S\Sunlight Leicester\Soiled_PLCxxx\Logical\GlobalVariables\Alarm\Alarm.typ
C:\JOB\S\Sunlight Leicester\Soiled_PLCxxx\Logical\GlobalVariables\Bag\Bag.var
C:\JOB\S\Sunlight Leicester\Soiled_PLCxxx\Logical\GlobalVariables\Bag\Bag.typ
C:\JOB\S\Sunlight Leicester\Soiled_PLCxxx\Logical\GlobalVariables\Data\Data.var
C:\JOB\S\Sunlight Leicester\Soiled_PLCxxx\Logical\GlobalVariables\Data\Data.typ
C:\JOB\S\Sunlight Leicester\Soiled_PLCxxx\Logical\GlobalVariables\Enable\Enable.var
C:\JOB\S\Sunlight Leicester\Soiled_PLCxxx\Logical\GlobalVariables\Enable\Enable.typ
C:\JOB\S\Sunlight Leicester\Soiled_PLCxxx\Logical\GlobalVariables\IO\IO.var
C:\JOB\S\Sunlight Leicester\Soiled_PLCxxx\Logical\GlobalVariables\IO\IO.typ
C:\JOB\S\Sunlight Leicester\Soiled_PLCxxx\Logical\GlobalVariables\Line\Line.var
C:\JOB\S\Sunlight Leicester\Soiled_PLCxxx\Logical\GlobalVariables\Line\Line.typ
C:\JOB\S\Sunlight Leicester\Soiled_PLCxxx\Logical\GlobalVariables\Loading\Loading.var
C:\JOB\S\Sunlight Leicester\Soiled_PLCxxx\Logical\GlobalVariables\Loading\Loading.typ
C:\JOB\S\Sunlight Leicester\Soiled_PLCxxx\Logical\GlobalVariables\Loading\Ldg_Funct\Types.typ
C:\JOB\S\Sunlight Leicester\Soiled_PLCxxx\Logical\GlobalVariables\Loading\Ldg_Funct\Constants.var
C:\JOB\S\Sunlight Leicester\Soiled_PLCxxx\Logical\GlobalVariables\Loading\Ldg_Funct\Ldg_Funct.fun
C:\JOB\S\Sunlight Leicester\Soiled_PLCxxx\Logical\GlobalVariables\Machine\Machine.typ
C:\JOB\S\Sunlight Leicester\Soiled_PLCxxx\Logical\GlobalVariables\Machine\Machine.var
C:\JOB\S\Sunlight Leicester\Soiled_PLCxxx\Logical\GlobalVariables\Std\Standard.var
C:\JOB\S\Sunlight Leicester\Soiled_PLCxxx\Logical\GlobalVariables\Std\Standard.typ
C:\JOB\S\Sunlight Leicester\Soiled_PLCxxx\Logical\GlobalVariables\Unloading\Unloading.var
C:\JOB\S\Sunlight Leicester\Soiled_PLCxxx\Logical\GlobalVariables\Unloading\Unloading.typ
C:\JOB\S\Sunlight Leicester\Soiled_PLCxxx\Logical\GlobalVariables\BatchID\BatchID.var
C:\JOB\S\Sunlight Leicester\Soiled_PLCxxx\Logical\GlobalVariables\BatchID\BatchID.typ
C:\JOB\S\Sunlight Leicester\Soiled_PLCxxx\Logical\GlobalVariables\CustomerChange\CustomerChange.typ
C:\JOB\S\Sunlight Leicester\Soiled_PLCxxx\Logical\GlobalVariables\CustomerChange\CustomerChange.var
C:\JOB\S\Sunlight Leicester\Soiled_PLCxxx\Logical\GlobalVariables\Global\Global.var
C:\JOB\S\Sunlight Leicester\Soiled_PLCxxx\Logical\Sequences\10ms\Scan\Scan.typ
C:\JOB\S\Sunlight Leicester\Soiled_PLCxxx\Logical\Sequences\10ms\Scan\Scan.var
C:\JOB\S\Sunlight Leicester\Soiled_PLCxxx\Logical\Sequences\200ms\CAN\CAN.var
C:\JOB\S\Sunlight Leicester\Soiled_PLCxxx\Logical\Sequences\200ms\CAN\CAN.typ
C:\JOB\S\Sunlight Leicester\Soiled_PLCxxx\Logical\Sequences\200ms\Reports\Reports.typ
C:\JOB\S\Sunlight Leicester\Soiled_PLCxxx\Logical\Sequences\200ms\Reports\Reports.var
C:\JOB\S\Sunlight Leicester\Soiled_PLCxxx\Logical\Sequences\200ms\udp_CTT\udp_CTT.var
C:\JOB\S\Sunlight Leicester\Soiled_PLCxxx\Logical\Sequences\200ms\udp_CTT\udp_CTT.typ
C:\JOB\S\Sunlight Leicester\Soiled_PLCxxx\Logical\Libraries\standard\standard.fun
C:\JOB\S\Sunlight Leicester\Soiled_PLCxxx\Logical\Libraries\runtime\runtime.var
C:\JOB\S\Sunlight Leicester\Soiled_PLCxxx\Logical\Libraries\runtime\runtime.typ
C:\JOB\S\Sunlight Leicester\Soiled_PLCxxx\Logical\Libraries\runtime\runtime.fun
C:\JOB\S\Sunlight Leicester\Soiled_PLCxxx\Logical\Libraries\FileIO\FileIO.var
C:\JOB\S\Sunlight Leicester\Soiled_PLCxxx\Logical\Libraries\FileIO\FileIO.typ
C:\JOB\S\Sunlight Leicester\Soiled_PLCxxx\Logical\Libraries\FileIO\FileIO.fun
C:\JOB\S\Sunlight Leicester\Soiled_PLCxxx\Logical\Libraries\Ethernet\Ethernet.typ
C:\JOB\S\Sunlight Leicester\Soiled_PLCxxx\Logical\Libraries\Ethernet\Ethernet.fun
C:\JOB\S\Sunlight Leicester\Soiled_PLCxxx\Logical\Libraries\Ethernet\Ethernet.var
C:\JOB\S\Sunlight Leicester\Soiled_PLCxxx\Logical\Libraries\dvframe\dvframe.var
C:\JOB\S\Sunlight Leicester\Soiled_PLCxxx\Logical\Libraries\dvframe\dvframe.typ
C:\JOB\S\Sunlight Leicester\Soiled_PLCxxx\Logical\Libraries\dvframe\dvframe.fun
C:\JOB\S\Sunlight Leicester\Soiled_PLCxxx\Logical\Libraries\DataObj\DataObj.var
C:\JOB\S\Sunlight Leicester\Soiled_PLCxxx\Logical\Libraries\DataObj\DataObj.typ
C:\JOB\S\Sunlight Leicester\Soiled_PLCxxx\Logical\Libraries\DataObj\DataObj.fun
C:\JOB\S\Sunlight Leicester\Soiled_PLCxxx\Logical\Libraries\OPERATOR\operator.fun
C:\JOB\S\Sunlight Leicester\Soiled_PLCxxx\Logical\Libraries\AsTime\astime.var
C:\JOB\S\Sunlight Leicester\Soiled_PLCxxx\Logical\Libraries\AsTime\astime.typ
C:\JOB\S\Sunlight Leicester\Soiled_PLCxxx\Logical\Libraries\AsTime\astime.fun
C:\JOB\S\Sunlight Leicester\Soiled_PLCxxx\Logical\Libraries\AsString\asstring.fun
C:\JOB\S\Sunlight Leicester\Soiled_PLCxxx\Logical\Libraries\AsCANopen\AsCANopen.var
C:\JOB\S\Sunlight Leicester\Soiled_PLCxxx\Logical\Libraries\AsCANopen\AsCANopen.fun
C:\JOB\S\Sunlight Leicester\Soiled_PLCxxx\Logical\Libraries\SupLib4\SupLib4.fun
C:\JOB\S\Sunlight Leicester\Soiled_PLCxxx\Logical\Libraries\sys_lib\sys_lib.var
C:\JOB\S\Sunlight Leicester\Soiled_PLCxxx\Logical\Libraries\sys_lib\sys_lib.typ
C:\JOB\S\Sunlight Leicester\Soiled_PLCxxx\Logical\Libraries\sys_lib\sys_lib.fun
C:\JOB\S\Sunlight Leicester\Soiled_PLCxxx\Logical\Libraries\AsTCP\AsTCP.var
C:\JOB\S\Sunlight Leicester\Soiled_PLCxxx\Logical\Libraries\AsTCP\AsTCP.typ
C:\JOB\S\Sunlight Leicester\Soiled_PLCxxx\Logical\Libraries\AsTCP\AsTCP.fun
C:\JOB\S\Sunlight Leicester\Soiled_PLCxxx\Logical\Libraries\KGstring\KGstring.fun
C:\JOB\S\Sunlight Leicester\Soiled_PLCxxx\Logical\Libraries\CAN_Lib\CAN_Lib.var
C:\JOB\S\Sunlight Leicester\Soiled_PLCxxx\Logical\Libraries\CAN_Lib\CAN_Lib.typ
C:\JOB\S\Sunlight Leicester\Soiled_PLCxxx\Logical\Libraries\CAN_Lib\CAN_Lib.fun
C:\JOB\S\Sunlight Leicester\Soiled_PLCxxx\Logical\Libraries\Visapi\Visapi.typ
C:\JOB\S\Sunlight Leicester\Soiled_PLCxxx\Logical\Libraries\Visapi\Visapi.fun
C:\JOB\S\Sunlight Leicester\Soiled_PLCxxx\Logical\Libraries\Visapi\Visapi.var
C:\JOB\S\Sunlight Leicester\Soiled_PLCxxx\Logical\Libraries\AsARCfg\AsARCfg.var
C:\JOB\S\Sunlight Leicester\Soiled_PLCxxx\Logical\Libraries\AsARCfg\AsARCfg.typ
C:\JOB\S\Sunlight Leicester\Soiled_PLCxxx\Logical\Libraries\AsARCfg\AsARCfg.fun
C:\JOB\S\Sunlight Leicester\Soiled_PLCxxx\Logical\Libraries\AsETH\AsETH.var
C:\JOB\S\Sunlight Leicester\Soiled_PLCxxx\Logical\Libraries\AsETH\AsETH.typ
C:\JOB\S\Sunlight Leicester\Soiled_PLCxxx\Logical\Libraries\AsETH\AsETH.fun
C:\JOB\S\Sunlight Leicester\Soiled_PLCxxx\Logical\Libraries\AsDb\AsDb.var
C:\JOB\S\Sunlight Leicester\Soiled_PLCxxx\Logical\Libraries\AsDb\AsDb.typ
C:\JOB\S\Sunlight Leicester\Soiled_PLCxxx\Logical\Libraries\AsDb\AsDb.fun
C:\JOB\S\Sunlight Leicester\Soiled_PLCxxx\Logical\Libraries\brsystem\brsystem.var
C:\JOB\S\Sunlight Leicester\Soiled_PLCxxx\Logical\Libraries\brsystem\brsystem.fun
C:\JOB\S\Sunlight Leicester\Soiled_PLCxxx\Logical\Libraries\AsUSB\AsUSB.var
C:\JOB\S\Sunlight Leicester\Soiled_PLCxxx\Logical\Libraries\AsUSB\AsUSB.typ
C:\JOB\S\Sunlight Leicester\Soiled_PLCxxx\Logical\Libraries\AsUSB\AsUSB.fun
C:\JOB\S\Sunlight Leicester\Soiled_PLCxxx\Logical\Libraries\WETCAN2\WETCAN2.typ
C:\JOB\S\Sunlight Leicester\Soiled_PLCxxx\Logical\Libraries\WETCAN2\WETCAN2.var
C:\JOB\S\Sunlight Leicester\Soiled_PLCxxx\Logical\Libraries\WETCAN2\WETCAN2.fun
C:\JOB\S\Sunlight Leicester\Soiled_PLCxxx\Logical\Libraries\AsMem\AsMem.var
C:\JOB\S\Sunlight Leicester\Soiled_PLCxxx\Logical\Libraries\AsMem\AsMem.fun
C:\JOB\S\Sunlight Leicester\Soiled_PLCxxx\Logical\Libraries\AsArLog\AsArLog.var
C:\JOB\S\Sunlight Leicester\Soiled_PLCxxx\Logical\Libraries\AsArLog\AsArLog.typ
C:\JOB\S\Sunlight Leicester\Soiled_PLCxxx\Logical\Libraries\AsArLog\AsArLog.fun
C:\JOB\S\Sunlight Leicester\Soiled_PLCxxx\Logical\Libraries\AsBrWStr\AsBrWStr.var
C:\JOB\S\Sunlight Leicester\Soiled_PLCxxx\Logical\Libraries\AsBrWStr\AsBrWStr.fun
C:\JOB\S\Sunlight Leicester\Soiled_PLCxxx\Logical\Libraries\AsUDP\AsUDP.var
C:\JOB\S\Sunlight Leicester\Soiled_PLCxxx\Logical\Libraries\AsUDP\AsUDP.typ
C:\JOB\S\Sunlight Leicester\Soiled_PLCxxx\Logical\Libraries\AsUDP\AsUDP.fun
C:\JOB\S\Sunlight Leicester\Soiled_PLCxxx\Logical\Libraries\AsIODiag\AsIODiag.var
C:\JOB\S\Sunlight Leicester\Soiled_PLCxxx\Logical\Libraries\AsIODiag\AsIODiag.typ
C:\JOB\S\Sunlight Leicester\Soiled_PLCxxx\Logical\Libraries\AsIODiag\AsIODiag.fun
C:\JOB\S\Sunlight Leicester\Soiled_PLCxxx\Logical\Libraries\AsBrStr\AsBrStr.fun
C:\JOB\S\Sunlight Leicester\Soiled_PLCxxx\Logical\Libraries\AsIecCon\AsIecCon.fun
C:\JOB\S\Sunlight Leicester\Soiled_PLCxxx\Logical\Libraries\IecCheck\IecCheck.fun
C:\JOB\S\Sunlight Leicester\Soiled_PLCxxx\Logical\Libraries\AsXml\AsXml.fun
C:\JOB\S\Sunlight Leicester\Soiled_PLCxxx\Logical\Libraries\AsXml\AsXml.typ
C:\JOB\S\Sunlight Leicester\Soiled_PLCxxx\Logical\Libraries\AsXml\AsXml.var
C:\JOB\S\Sunlight Leicester\Soiled_PLCxxx\Logical\Libraries\AsPciStr\AsPciStr.fun
C:\JOB\S\Sunlight Leicester\Soiled_PLCxxx\Logical\Libraries\AsPciStr\AsPciStr.typ
C:\JOB\S\Sunlight Leicester\Soiled_PLCxxx\Logical\Libraries\AsPciStr\AsPciStr.var
C:\JOB\S\Sunlight Leicester\Soiled_PLCxxx\Logical\Libraries\AsIOAcc\AsIOAcc.fun
C:\JOB\S\Sunlight Leicester\Soiled_PLCxxx\Logical\Libraries\AsIOAcc\AsIOAcc.typ
C:\JOB\S\Sunlight Leicester\Soiled_PLCxxx\Logical\Libraries\AsIOAcc\AsIOAcc.var
C:\JOB\S\Sunlight Leicester\Soiled_PLCxxx\Logical\Libraries\AsBrMath\AsBrMath.fun
C:\JOB\S\Sunlight Leicester\Soiled_PLCxxx\Logical\Libraries\AsBrMath\AsBrMath.typ
C:\JOB\S\Sunlight Leicester\Soiled_PLCxxx\Logical\Libraries\AsBrMath\AsBrMath.var
C:\JOB\S\Sunlight Leicester\Soiled_PLCxxx\Logical\Libraries\MpServer\Types.typ
C:\JOB\S\Sunlight Leicester\Soiled_PLCxxx\Logical\Libraries\MpServer\Constants.var
C:\JOB\S\Sunlight Leicester\Soiled_PLCxxx\Logical\Libraries\MpServer\MpServer.fun
C:\JOB\S\Sunlight Leicester\Soiled_PLCxxx\Logical\Timestamp\Timestamp.typ
C:\JOB\S\Sunlight Leicester\Soiled_PLCxxx\Logical\Timestamp\Timestamp.var
C:\JOB\S\Sunlight Leicester\Soiled_PLCxxx\Logical\Data_BackUp\Data_BackUp.typ
C:\JOB\S\Sunlight Leicester\Soiled_PLCxxx\Logical\Data_BackUp\Data_BackUp.var
C:\JOB\S\Sunlight Leicester\Soiled_PLCxxx\Logical\Data_BackUp\DataBackUp\DataBackUp.typ
C:\JOB\S\Sunlight Leicester\Soiled_PLCxxx\Logical\Data_BackUp\DataBackUp\DataBackUp.var
C:\JOB\S\Sunlight Leicester\Soiled_PLCxxx\Logical\Data_BackUp\DataBackUp\DataBackUp.fun
C:\JOB\S\Sunlight Leicester\Soiled_PLCxxx\Logical\Robo_Drive_Control\Robo_Drive.typ
C:\JOB\S\Sunlight Leicester\Soiled_PLCxxx\Logical\Robo_Drive_Control\Robo_Drive.var
C:\JOB\S\Sunlight Leicester\Soiled_PLCxxx\Logical\Robo_Drive_Control\FC302\FC302.typ
C:\JOB\S\Sunlight Leicester\Soiled_PLCxxx\Logical\Robo_Drive_Control\FC302\FC302.var
C:\JOB\S\Sunlight Leicester\Soiled_PLCxxx\Logical\Robo_Drive_Control\FC302\FC302.fun
C:\JOB\S\Sunlight Leicester\Soiled_PLCxxx\Logical\KanLink_A19\Supertrack_Kanlink_Constants\Supertrack_Constants.var
C:\JOB\S\Sunlight Leicester\Soiled_PLCxxx\Logical\KanLink_A19\KanLink_A19.typ
C:\JOB\S\Sunlight Leicester\Soiled_PLCxxx\Logical\KanLink_A19\KanLink_A19.var
C:\JOB\S\Sunlight Leicester\Soiled_PLCxxx\Logical\KanLink_A19\KGFramework\Pkg_KGStandard\Stat.var
C:\JOB\S\Sunlight Leicester\Soiled_PLCxxx\Logical\KanLink_A19\KGFramework\Pkg_KGStandard\utfNames.typ
C:\JOB\S\Sunlight Leicester\Soiled_PLCxxx\Logical\KanLink_A19\KGFramework\Pkg_KGStandard\kgbom.var
C:\JOB\S\Sunlight Leicester\Soiled_PLCxxx\Logical\KanLink_A19\KGFramework\Pkg_KGStandard\KGstdLib\KG_Cmd.typ
C:\JOB\S\Sunlight Leicester\Soiled_PLCxxx\Logical\KanLink_A19\KGFramework\Pkg_KGStandard\KGstdLib\Stat.typ
C:\JOB\S\Sunlight Leicester\Soiled_PLCxxx\Logical\KanLink_A19\KGFramework\Pkg_KGStandard\KGstdLib\KGstdLib.typ
C:\JOB\S\Sunlight Leicester\Soiled_PLCxxx\Logical\KanLink_A19\KGFramework\Pkg_KGStandard\KGstdLib\kgMachineState.typ
C:\JOB\S\Sunlight Leicester\Soiled_PLCxxx\Logical\KanLink_A19\KGFramework\Pkg_KGStandard\KGstdLib\kgMachinetyp.typ
C:\JOB\S\Sunlight Leicester\Soiled_PLCxxx\Logical\KanLink_A19\KGFramework\Pkg_KGStandard\KGstdLib\KG_Cmd.var
C:\JOB\S\Sunlight Leicester\Soiled_PLCxxx\Logical\KanLink_A19\KGFramework\Pkg_KGStandard\KGstdLib\KGstdLib.var
C:\JOB\S\Sunlight Leicester\Soiled_PLCxxx\Logical\KanLink_A19\KGFramework\Pkg_KGStandard\KGstdLib\kgMachineState.var
C:\JOB\S\Sunlight Leicester\Soiled_PLCxxx\Logical\KanLink_A19\KGFramework\Pkg_KGStandard\KGstdLib\KGstdLib.fun
C:\JOB\S\Sunlight Leicester\Soiled_PLCxxx\Logical\KanLink_A19\KGFramework\Pkg_mnSystem\Pkg_mnSystem.typ
C:\JOB\S\Sunlight Leicester\Soiled_PLCxxx\Logical\KanLink_A19\KGFramework\Pkg_mnSystem\Pkg_mnSystem.var
C:\JOB\S\Sunlight Leicester\Soiled_PLCxxx\Logical\KanLink_A19\KGFramework\Pkg_mnEth\Pkg_mnEth.typ
C:\JOB\S\Sunlight Leicester\Soiled_PLCxxx\Logical\KanLink_A19\KGFramework\Pkg_mnEth\Pkg_mnEth.var
C:\JOB\S\Sunlight Leicester\Soiled_PLCxxx\Logical\KanLink_A19\KGFramework\Pkg_mnCnt\Pkg_mnCnt.typ
C:\JOB\S\Sunlight Leicester\Soiled_PLCxxx\Logical\KanLink_A19\KGFramework\Pkg_mnCnt\Pkg_mnCnt.var
C:\JOB\S\Sunlight Leicester\Soiled_PLCxxx\Logical\KanLink_A19\KGFramework\Pkg_mnMsg\Pkg_mnMsg.typ
C:\JOB\S\Sunlight Leicester\Soiled_PLCxxx\Logical\KanLink_A19\KGFramework\Pkg_mnMsg\Pkg_mnMsg.var
C:\JOB\S\Sunlight Leicester\Soiled_PLCxxx\Logical\KanLink_A19\KGFramework\Pkg_mnMsg\KGlibMsg\KGlibMsg.typ
C:\JOB\S\Sunlight Leicester\Soiled_PLCxxx\Logical\KanLink_A19\KGFramework\Pkg_mnMsg\KGlibMsg\KGlibMsg.var
C:\JOB\S\Sunlight Leicester\Soiled_PLCxxx\Logical\KanLink_A19\KGFramework\Pkg_mnMsg\KGlibMsg\KGlibMsg.fun
C:\JOB\S\Sunlight Leicester\Soiled_PLCxxx\Logical\KanLink_A19\KGFramework\Pkg_mnParam\mnParam.typ
C:\JOB\S\Sunlight Leicester\Soiled_PLCxxx\Logical\KanLink_A19\KGFramework\Pkg_mnParam\mnParam.var
C:\JOB\S\Sunlight Leicester\Soiled_PLCxxx\Logical\KanLink_A19\KGFramework\Pkg_mnParam\mnParamLib\mnParamLib.typ
C:\JOB\S\Sunlight Leicester\Soiled_PLCxxx\Logical\KanLink_A19\KGFramework\Pkg_mnParam\mnParamLib\mnParamLib.var
C:\JOB\S\Sunlight Leicester\Soiled_PLCxxx\Logical\KanLink_A19\KGFramework\Pkg_mnParam\mnParamLib\mnParamLib.fun
C:\JOB\S\Sunlight Leicester\Soiled_PLCxxx\Logical\KanLink_A19\KGFramework\Pkg_mnTxt\Pkg_mnTxt.typ
C:\JOB\S\Sunlight Leicester\Soiled_PLCxxx\Logical\KanLink_A19\KGFramework\Pkg_mnTxt\Pkg_mnTxt.var
C:\JOB\S\Sunlight Leicester\Soiled_PLCxxx\Logical\KanLink_A19\KGFramework\Pkg_hlDFII\Pkg_hlDFII.typ
C:\JOB\S\Sunlight Leicester\Soiled_PLCxxx\Logical\KanLink_A19\KGFramework\Pkg_hlDFII\Pkg_hlDFII.var
C:\JOB\S\Sunlight Leicester\Soiled_PLCxxx\Logical\KanLink_A19\KGFramework\Pkg_mnTest\Pkg_mnTest.typ
C:\JOB\S\Sunlight Leicester\Soiled_PLCxxx\Logical\KanLink_A19\KGFramework\Pkg_mnTest\Pkg_mnTest.var
C:\JOB\S\Sunlight Leicester\Soiled_PLCxxx\Logical\KanLink_A19\KGFramework\Pkg_svCPCache\Pkg_svCPCache.typ
C:\JOB\S\Sunlight Leicester\Soiled_PLCxxx\Logical\KanLink_A19\KGFramework\Pkg_svCPCache\Pkg_svCPCache.var
C:\JOB\S\Sunlight Leicester\Soiled_PLCxxx\Logical\KanLink_A19\KGFramework\Pkg_hlKanLink\hlKanLink.typ
C:\JOB\S\Sunlight Leicester\Soiled_PLCxxx\Logical\KanLink_A19\KGFramework\Pkg_hlKanLink\hlKanLink.var
C:\JOB\S\Sunlight Leicester\Soiled_PLCxxx\Logical\KanLink_A19\KGFramework\Pkg_hlKanLink\KanLinkLib\CmdBTxfer.typ
C:\JOB\S\Sunlight Leicester\Soiled_PLCxxx\Logical\KanLink_A19\KGFramework\Pkg_hlKanLink\KanLinkLib\CmdBI.typ
C:\JOB\S\Sunlight Leicester\Soiled_PLCxxx\Logical\KanLink_A19\KGFramework\Pkg_hlKanLink\KanLinkLib\CmdSilo.typ
C:\JOB\S\Sunlight Leicester\Soiled_PLCxxx\Logical\KanLink_A19\KGFramework\Pkg_hlKanLink\KanLinkLib\KLInterface.typ
C:\JOB\S\Sunlight Leicester\Soiled_PLCxxx\Logical\KanLink_A19\KGFramework\Pkg_hlKanLink\KanLinkLib\KanLinkLib.typ
C:\JOB\S\Sunlight Leicester\Soiled_PLCxxx\Logical\KanLink_A19\KGFramework\Pkg_hlKanLink\KanLinkLib\KanLinkLib.var
C:\JOB\S\Sunlight Leicester\Soiled_PLCxxx\Logical\KanLink_A19\KGFramework\Pkg_hlKanLink\KanLinkLib\KanLinkLib.fun
C:\JOB\S\Sunlight Leicester\Soiled_PLCxxx\Logical\KanLink_A19\KGFrameworkShare\hlDFII.Glob.var
C:\JOB\S\Sunlight Leicester\Soiled_PLCxxx\Logical\KanLink_A19\KGFrameworkShare\mnCntGlob.var
C:\JOB\S\Sunlight Leicester\Soiled_PLCxxx\Logical\KanLink_A19\KGFrameworkShare\mnTxtGlob.var
C:\JOB\S\Sunlight Leicester\Soiled_PLCxxx\Logical\KanLink_A19\KGFrameworkShare\mnParamGlob.var
C:\JOB\S\Sunlight Leicester\Soiled_PLCxxx\Logical\KanLink_A19\KGFrameworkShare\svCPCacheGlob.var
C:\JOB\S\Sunlight Leicester\Soiled_PLCxxx\Logical\KanLink_A19\KGFrameworkShare\mnSystemGlob.var
C:\JOB\S\Sunlight Leicester\Soiled_PLCxxx\Logical\KanLink_A19\KGFrameworkShare\Pkg_KGStandardShare\KGStandardShare.kgMsgStatus.var
C:\JOB\S\Sunlight Leicester\Soiled_PLCxxx\Logical\KanLink_A19\KGFrameworkShare\Pkg_KGStandardShare\kgdevice.var
C:\JOB\S\Sunlight Leicester\Soiled_PLCxxx\Logical\KanLink_A19\KGFrameworkShare\Pkg_mnEthShare\Pkg_mnEthShare.var
C:\JOB\S\Sunlight Leicester\Soiled_PLCxxx\Logical\KanLink_A19\KGFrameworkShare\Pkg_mnMsgShare\Pkg_mnMsgShare.var
C:\JOB\S\Sunlight Leicester\Soiled_PLCxxx\Logical\KanLink_A19\KGFrameworkShare\Pkg_hlKanLinkUser\Pkg_hlKanLinkUser.var
C:\JOB\S\Sunlight Leicester\Soiled_PLCxxx\Logical\KanLink_A19\KGFrameworkShare\Pkg_hlKanLinkUser\KL_UserLib\Batch.typ
C:\JOB\S\Sunlight Leicester\Soiled_PLCxxx\Logical\KanLink_A19\KGFrameworkShare\Pkg_hlKanLinkUser\KL_UserLib\KL_UserLib.typ
C:\JOB\S\Sunlight Leicester\Soiled_PLCxxx\Logical\KanLink_A19\KGFrameworkShare\Pkg_hlKanLinkUser\KL_UserLib\KL_UserLib.var
C:\JOB\S\Sunlight Leicester\Soiled_PLCxxx\Logical\KanLink_A19\KGFrameworkShare\Pkg_hlKanLinkUser\KL_UserLib\KL_UserLib.fun
C:\JOB\S\Sunlight Leicester\Soiled_PLCxxx\Logical\KanLink_A19\KGFrameworkShare\Pkg_hlKanLinkUser\KL_UserLib\CmdWetExt.typ
C:\JOB\S\Sunlight Leicester\Soiled_PLCxxx\Logical\KanLink_A19\KGFrameworkShare\Pkg_mnTestUser\libTestUse\libTest.typ
C:\JOB\S\Sunlight Leicester\Soiled_PLCxxx\Logical\KanLink_A19\KGFrameworkShare\Pkg_mnTestUser\libTestUse\libTestUse.typ
C:\JOB\S\Sunlight Leicester\Soiled_PLCxxx\Logical\KanLink_A19\KGFrameworkShare\Pkg_mnTestUser\libTestUse\libTest.var
C:\JOB\S\Sunlight Leicester\Soiled_PLCxxx\Logical\KanLink_A19\KGFrameworkShare\Pkg_mnTestUser\libTestUse\libTestUse.var
C:\JOB\S\Sunlight Leicester\Soiled_PLCxxx\Logical\KanLink_A19\KGFrameworkShare\Pkg_mnTestUser\libTestUse\libTestUse.fun
C:\JOB\S\Sunlight Leicester\Soiled_PLCxxx\Logical\Displays\DisplaysGlobal.typ
C:\JOB\S\Sunlight Leicester\Soiled_PLCxxx\Logical\Displays\DisplaysGlobal.var
C:\JOB\S\Sunlight Leicester\Soiled_PLCxxx\Logical\Displays\myPanel\my_Panel.typ
C:\JOB\S\Sunlight Leicester\Soiled_PLCxxx\Logical\Displays\myPanel\my_Panel.var
C:\JOB\S\Sunlight Leicester\Soiled_PLCxxx\Logical\Displays\DispLib\DispLib.typ
C:\JOB\S\Sunlight Leicester\Soiled_PLCxxx\Logical\Displays\DispLib\DispLib.var
C:\JOB\S\Sunlight Leicester\Soiled_PLCxxx\Logical\Displays\DispLib\DispLib.fun
C:\JOB\S\Sunlight Leicester\Soiled_PLCxxx\Logical\SQL\SQL.typ
C:\JOB\S\Sunlight Leicester\Soiled_PLCxxx\Logical\SQL\SQL.var
C:\JOB\S\Sunlight Leicester\Soiled_PLCxxx\Logical\SQL\zzSQL_Lib\zzSQL_Lib.typ
C:\JOB\S\Sunlight Leicester\Soiled_PLCxxx\Logical\SQL\zzSQL_Lib\zzSQL_Lib.var
C:\JOB\S\Sunlight Leicester\Soiled_PLCxxx\Logical\SQL\zzSQL_Lib\Constants.var
C:\JOB\S\Sunlight Leicester\Soiled_PLCxxx\Logical\SQL\zzSQL_Lib\zzSQL_Lib.fun
C:\JOB\S\Sunlight Leicester\Soiled_PLCxxx\Logical\SQL\zzGetNamesSQL\zzGetNameSQL.typ
C:\JOB\S\Sunlight Leicester\Soiled_PLCxxx\Logical\SQL\zzGetNamesSQL\zzGetNameSQL.var
C:\JOB\S\Sunlight Leicester\Soiled_PLCxxx\Logical\BaseStandards\Alarms\Alarms.typ
C:\JOB\S\Sunlight Leicester\Soiled_PLCxxx\Logical\BaseStandards\Alarms\Alarms.var
C:\JOB\S\Sunlight Leicester\Soiled_PLCxxx\Logical\BaseStandards\RotaSort\constants.var
C:\JOB\S\Sunlight Leicester\Soiled_PLCxxx\Logical\OPCuA\OPCuA.var
C:\JOB\S\Sunlight Leicester\Soiled_PLCxxx\Logical\OPCuA\OPCuA\Constants.var
C:\JOB\S\Sunlight Leicester\Soiled_PLCxxx\Logical\OPCuA\OPCuA\OPCuA.typ
C:\JOB\S\Sunlight Leicester\Soiled_PLCxxx\Logical\OPCuA\OPCuA\OPCuA.fun
C:\JOB\S\Sunlight Leicester\Soiled_PLCxxx\Logical\BlockPSU\PSU.var
C:\JOB\S\Sunlight Leicester\Soiled_PLCxxx\Logical\BlockPSU\PSU.typ
C:\JOB\S\Sunlight Leicester\Soiled_PLCxxx\Logical\CustomLogs\CustomLogs.typ
C:\JOB\S\Sunlight Leicester\Soiled_PLCxxx\Logical\CustomLogs\CustomLogs.var
C:\JOB\S\Sunlight Leicester\Soiled_PLCxxx\Logical\Barcode_Readers\BarCodeReader.var
C:\JOB\S\Sunlight Leicester\Soiled_PLCxxx\Logical\Barcode_Readers\Code_Lib\Code_Lib.typ
C:\JOB\S\Sunlight Leicester\Soiled_PLCxxx\Logical\Barcode_Readers\Code_Lib\Code_Lib.var
C:\JOB\S\Sunlight Leicester\Soiled_PLCxxx\Logical\Barcode_Readers\Code_Lib\ReaderColourConsts.var
C:\JOB\S\Sunlight Leicester\Soiled_PLCxxx\Logical\Barcode_Readers\Code_Lib\BarCodeCommands.var
C:\JOB\S\Sunlight Leicester\Soiled_PLCxxx\Logical\Barcode_Readers\Code_Lib\Code_Lib.fun
C:\JOB\S\Sunlight Leicester\Soiled_PLCxxx\Logical\http_Lib\Request_Constants.var
C:\JOB\S\Sunlight Leicester\Soiled_PLCxxx\Logical\http_Lib\Server_Functions.var
C:\JOB\S\Sunlight Leicester\Soiled_PLCxxx\Logical\http_Lib\Constants.var
C:\JOB\S\Sunlight Leicester\Soiled_PLCxxx\Logical\http_Lib\Variables.var
C:\JOB\S\Sunlight Leicester\Soiled_PLCxxx\Logical\http_Lib\Types.typ
C:\JOB\S\Sunlight Leicester\Soiled_PLCxxx\Logical\http_Lib\AsHttp\AsHttp.fun
C:\JOB\S\Sunlight Leicester\Soiled_PLCxxx\Logical\http_Lib\AsHttp\AsHttp.typ
C:\JOB\S\Sunlight Leicester\Soiled_PLCxxx\Logical\http_Lib\AsHttp\AsHttp.var
C:\JOB\S\Sunlight Leicester\Soiled_PLCxxx\Logical\http_Lib\KanHttp\Types.typ
C:\JOB\S\Sunlight Leicester\Soiled_PLCxxx\Logical\http_Lib\KanHttp\Constants.var
C:\JOB\S\Sunlight Leicester\Soiled_PLCxxx\Logical\http_Lib\KanHttp\KanHttp.fun
C:\JOB\S\Sunlight Leicester\Soiled_PLCxxx\Logical\CustomLib\SUP\Types.typ
C:\JOB\S\Sunlight Leicester\Soiled_PLCxxx\Logical\CustomLib\SUP\Constants.var
C:\JOB\S\Sunlight Leicester\Soiled_PLCxxx\Logical\CustomLib\SUP\SUP.fun
C:\JOB\S\Sunlight Leicester\Soiled_PLCxxx\Logical\File_System\FileMgr\Types.typ
C:\JOB\S\Sunlight Leicester\Soiled_PLCxxx\Logical\File_System\FileMgr\Constants.var
C:\JOB\S\Sunlight Leicester\Soiled_PLCxxx\Logical\File_System\FileMgr\FileMgr.fun
C:\JOB\S\Sunlight Leicester\Soiled_PLCxxx\Logical\File_System\Variables.var
C:\JOB\S\Sunlight Leicester\Soiled_PLCxxx\Logical\Safety\AsSafety\AsSafety.fun
C:\JOB\S\Sunlight Leicester\Soiled_PLCxxx\Logical\Safety\AsSafety\AsSafety.typ
C:\JOB\S\Sunlight Leicester\Soiled_PLCxxx\Logical\Safety\AsSafety\AsSafety.var
C:\JOB\S\Sunlight Leicester\Soiled_PLCxxx\Logical\Safety\Safety.typ
C:\JOB\S\Sunlight Leicester\Soiled_PLCxxx\Logical\Safety\Safety.var
C:\JOB\S\Sunlight Leicester\Soiled_PLCxxx\Logical\HoistLibrary\Hoist.var
C:\JOB\S\Sunlight Leicester\Soiled_PLCxxx\Logical\HoistLibrary\Hoist.typ
C:\JOB\S\Sunlight Leicester\Soiled_PLCxxx\Logical\HoistLibrary\MTTypes\MTTypes.fun
C:\JOB\S\Sunlight Leicester\Soiled_PLCxxx\Logical\HoistLibrary\MTTypes\MTTypes.typ
C:\JOB\S\Sunlight Leicester\Soiled_PLCxxx\Logical\HoistLibrary\MTTypes\MTTypes.var
C:\JOB\S\Sunlight Leicester\Soiled_PLCxxx\Logical\HoistLibrary\MTBasics\MTBasics.fun
C:\JOB\S\Sunlight Leicester\Soiled_PLCxxx\Logical\HoistLibrary\MTBasics\MTBasics.typ
C:\JOB\S\Sunlight Leicester\Soiled_PLCxxx\Logical\HoistLibrary\MTBasics\MTBasics.var
C:\JOB\S\Sunlight Leicester\Soiled_PLCxxx\Logical\ABB_EPL\ABB_EPL.var
C:\JOB\S\Sunlight Leicester\Soiled_PLCxxx\Logical\ABB_EPL\AsEPL\AsEPL.fun
C:\JOB\S\Sunlight Leicester\Soiled_PLCxxx\Logical\ABB_EPL\AsEPL\AsEPL.typ
C:\JOB\S\Sunlight Leicester\Soiled_PLCxxx\Logical\ABB_EPL\AsEPL\AsEPL.var
C:\JOB\S\Sunlight Leicester\Soiled_PLCxxx\Logical\ABB_EPL\ABB_EPL\ABB_EPL.typ
C:\JOB\S\Sunlight Leicester\Soiled_PLCxxx\Logical\ABB_EPL\ABB_EPL\Config.var
C:\JOB\S\Sunlight Leicester\Soiled_PLCxxx\Logical\ABB_EPL\ABB_EPL\Constants.var
C:\JOB\S\Sunlight Leicester\Soiled_PLCxxx\Logical\ABB_EPL\ABB_EPL\ABB_EPL.fun
